no change     /home/thalles24006/anaconda3/condabin/conda
no change     /home/thalles24006/anaconda3/bin/conda
no change     /home/thalles24006/anaconda3/bin/conda-env
no change     /home/thalles24006/anaconda3/bin/activate
no change     /home/thalles24006/anaconda3/bin/deactivate
no change     /home/thalles24006/anaconda3/etc/profile.d/conda.sh
no change     /home/thalles24006/anaconda3/etc/fish/conf.d/conda.fish
no change     /home/thalles24006/anaconda3/shell/condabin/Conda.psm1
no change     /home/thalles24006/anaconda3/shell/condabin/conda-hook.ps1
no change     /home/thalles24006/anaconda3/lib/python3.11/site-packages/xontrib/conda.xsh
no change     /home/thalles24006/anaconda3/etc/profile.d/conda.csh
no change     /home/thalles24006/.bashrc
No action taken.

CondaError: Run 'conda init' before 'conda activate'

172.20.10.15
[I 2026-09-28 16:38:15.094 ServerApp] Package notebook took 0.0000s to import
[I 2026-09-28 16:38:15.113 ServerApp] Package jupyter_lsp took 0.0190s to import
[W 2026-09-28 16:38:15.113 ServerApp] A `_jupyter_server_extension_points` function was not found in jupyter_lsp. Instead, a `_jupyter_server_extension_paths` function was found and will be used for now. This function name will be deprecated in future releases of Jupyter Server.
[I 2026-09-28 16:38:15.122 ServerApp] Package jupyter_server_terminals took 0.0090s to import
[I 2026-09-28 16:38:15.123 ServerApp] Package jupyterlab took 0.0000s to import
[I 2026-09-28 16:38:15.436 ServerApp] Package notebook_shim took 0.0000s to import
[W 2026-09-28 16:38:15.436 ServerApp] A `_jupyter_server_extension_points` function was not found in notebook_shim. Instead, a `_jupyter_server_extension_paths` function was found and will be used for now. This function name will be deprecated in future releases of Jupyter Server.
[I 2026-09-28 16:38:16.793 ServerApp] Package panel.io.jupyter_server_extension took 1.3538s to import
[I 2026-09-28 16:38:16.793 ServerApp] jupyter_lsp | extension was successfully linked.
[I 2026-09-28 16:38:16.796 ServerApp] jupyter_server_terminals | extension was successfully linked.
[I 2026-09-28 16:38:16.799 ServerApp] jupyterlab | extension was successfully linked.
[I 2026-09-28 16:38:16.801 ServerApp] notebook | extension was successfully linked.
[I 2026-09-28 16:38:17.114 ServerApp] notebook_shim | extension was successfully linked.
[I 2026-09-28 16:38:17.114 ServerApp] panel.io.jupyter_server_extension | extension was successfully linked.
[I 2026-09-28 16:38:17.204 ServerApp] notebook_shim | extension was successfully loaded.
[I 2026-09-28 16:38:17.206 ServerApp] jupyter_lsp | extension was successfully loaded.
[I 2026-09-28 16:38:17.207 ServerApp] jupyter_server_terminals | extension was successfully loaded.
[I 2026-09-28 16:38:17.263 LabApp] JupyterLab extension loaded from /home/thalles24006/anaconda3/lib/python3.11/site-packages/jupyterlab
[I 2026-09-28 16:38:17.263 LabApp] JupyterLab application directory is /home/thalles24006/anaconda3/share/jupyter/lab
[I 2026-09-28 16:38:17.265 LabApp] Extension Manager is 'pypi'.
[I 2026-09-28 16:38:17.266 ServerApp] jupyterlab | extension was successfully loaded.
[I 2026-09-28 16:38:17.288 ServerApp] notebook | extension was successfully loaded.
[I 2026-09-28 16:38:17.289 ServerApp] panel.io.jupyter_server_extension | extension was successfully loaded.
Traceback (most recent call last):
  File "/home/thalles24006/anaconda3/bin/jupyter-notebook", line 11, in <module>
    sys.exit(main())
             ^^^^^^
  File "/home/thalles24006/anaconda3/lib/python3.11/site-packages/jupyter_server/extension/application.py", line 618, in launch_instance
    serverapp = cls.initialize_server(argv=args)
                ^^^^^^^^^^^^^^^^^^^^^^^^^^^^^^^^
  File "/home/thalles24006/anaconda3/lib/python3.11/site-packages/jupyter_server/extension/application.py", line 588, in initialize_server
    serverapp.initialize(
  File "/home/thalles24006/anaconda3/lib/python3.11/site-packages/traitlets/config/application.py", line 113, in inner
    return method(app, *args, **kwargs)
           ^^^^^^^^^^^^^^^^^^^^^^^^^^^^
  File "/home/thalles24006/anaconda3/lib/python3.11/site-packages/jupyter_server/serverapp.py", line 2609, in initialize
    self.init_httpserver()
  File "/home/thalles24006/anaconda3/lib/python3.11/site-packages/jupyter_server/serverapp.py", line 2432, in init_httpserver
    self._find_http_port()
  File "/home/thalles24006/anaconda3/lib/python3.11/site-packages/jupyter_server/serverapp.py", line 2479, in _find_http_port
    sockets = bind_sockets(port, self.ip)
              ^^^^^^^^^^^^^^^^^^^^^^^^^^^
  File "/home/thalles24006/anaconda3/lib/python3.11/site-packages/tornado/netutil.py", line 162, in bind_sockets
    sock.bind(sockaddr)
OSError: [Errno 99] Cannot assign requested address
